codef Compose(a, b, c, f, g) { .ap(a', c', x) => g.ap(b, c, f.ap(a, b, x)) }
