def .id { App(e) => App(e) }

def self.preservation(e2) {
    App(e) => comatch { .ap(h_eval) => h_eval.match { EBeta(f) => panic!("not yet implemented") } }
}
