def .add(y) {
    Z => y,
    S(x') => S(x'.add(y)),
}

def .append'(n, m, ys) {
    Cons(n', x, xs) => Cons(n'.add(m), x, xs.append'(n', m, ys)),
    Nil => ys,
}

let append(n, m, xs, ys) { xs.append'(n, m, ys) }
