def .and(other) {
    True => other,
    False => False,
}

let example1 { Cons(True, Nil) }

let example2 { True.and(False) }

let example3 { None }
