def .elim_zero(a) { SNotZero(n) absurd }

def .elim(a) {
    Ok(a0, x) => x,
    Absurd(x) => x.elim_zero(<ZST>)
}
