def .rep {
    T => TrueRep,
    F => FalseRep,
}

def .example(b) {
    Unit =>
        b.match {
            T => TrueRep,
            F => FalseRep,
        }
}
