def .unwrap {
    WrapFoo(x) => x,
    WrapBar(x) => x
}
