def .sym(x, y) { Refl(x0) => Refl(y) }

def .subst(x, y, p) { Refl(x0) => p }

def .trans(x, y, z, h) { Refl(x0) => h }

def .cong(x, y, f) { Refl(x0) => Refl(f.ap(y)) }

def .not {
    True => False,
    False => True,
}

def .not_inverse {
    True => Refl(True),
    False => Refl(False),
}
