use "../../../std/data/list.pol"
use "../../../std/data/nat.pol"

let foo(a) { Nil }

let bar { foo(<ZST>) }
