def .ind(P, step) {
    True => panic!("not yet implemented"),
    False => panic!("not yet implemented"),
}
