def .add(m) {
    Z => m,
    S(n) => S(n.add(m))
}

let two { S(S(Z)) }

let foo { Refl(two.add(S(S(Z)))) }
