use "../../../std/data/eq.pol"
use "../../../std/data/bool.pol"
use "../../../std/codata/fun.pol"

let foo { comatch { .ap(x1) => x1 } }

let proof { Refl(foo) }
