def .neg {
    T => F,
    F => T
}

let foo { comatch { .ap(x) => x.neg } }

let bar { Refl(F) }
