  × One or more errors occured.

Error: P-001

  × Invalid token
   ╭─[P-001.pol:1:1]
 1 │ @
   · ─
   ╰────
