L-002

  × Duplicate definition of Foo
   ╭─[L-002-06.pol:2:1]
 1 │ note Foo
 2 │ note Foo
   · ────────
   ╰────
