L-002

  × Duplicate definition of True
   ╭─[L-002-01.pol:1:19]
 1 │ data Bool { True, True }
   ·                   ─────
   ╰────
