L-016

  × "Type" is not a valid identifier
   ╭─[L-016a.pol:1:1]
 1 │ data Type {}
   · ────────────
   ╰────
  help: "Type" is the name of the impredicative type universe.
