L-012

  × Used named argument wrong for wildcard parameter
   ╭─[L-012.pol:2:1]
 2 │ 
 3 │ data Option(_: Type) {
   ·             ─
 4 │     None(elem: Type): Option(elem),
   ╰────
