L-020

  × Invalid usage of note Foo
   ╭─[L-020a.pol:3:14]
 2 │ note Foo
 3 │ let x: Bar { Foo }
   ·              ───
   ╰────
