L-019

  × Invalid infix declaration: More than one operator on left hand side
   ╭─[L-infix-strange.pol:1:1]
 1 │ infix _ + _ + _ := Fun(_,_)
   · ───────────────────────────
   ╰────
