L-009

  × Expected a type constructor
   ╭─[Regr-86.pol:7:5]
 6 │ 
 7 │ def MkUnit.test : Unit -> Unit {
   ·     ──────
 8 │     MkUnit => ?
   ╰────
