L-014

  × Too many arguments provided
   ╭─[Regr-318b.pol:3:14]
 2 │ 
 3 │ let foo: Foo(Type, Type) { ? }
   ·              ────
   ╰────
